---
source: tests/statusline_test.rs
expression: stripped
---
~/test-statusline-home Test Model âœ»
