---
source: tests/statusline_test.rs
expression: stripped
---

